Nombre d'allumettes restantes : 13
Xavier, combien d'allumettes ? Xavier prend 3 allumettes.

Nombre d'allumettes restantes : 10
Ordinateur prend 3 allumettes.

Nombre d'allumettes restantes : 7
Xavier, combien d'allumettes ? Xavier prend 3 allumettes.

Nombre d'allumettes restantes : 4
Ordinateur prend 3 allumettes.

Nombre d'allumettes restantes : 1
Xavier, combien d'allumettes ? Xavier prend 1 allumette.

Xavier perd !
Ordinateur gagne !
